Running NO PRIOR seed 1
train row: [1496  639    0] int64 int64
train pos rate: 0.48562300319488816
val pos rate: 0.5970149253731343
test pos rate: 0.47058823529411764
Adjacency source: train positives only
Train positive edges used in adjacency: 152
val y unique: [0 1]
Epoch:1 train loss:1.3993923664093018 AUC:0.606 AUPR:0.662
[best so far] epoch=1 val_AUPR=0.6621
val y unique: [0 1]
Epoch:2 train loss:1.3876745700836182 AUC:0.489 AUPR:0.574
[best so far] epoch=1 val_AUPR=0.6621
val y unique: [0 1]
Epoch:3 train loss:1.3874928951263428 AUC:0.538 AUPR:0.685
[best so far] epoch=3 val_AUPR=0.6849
val y unique: [0 1]
Epoch:4 train loss:1.3854207396507263 AUC:0.307 AUPR:0.530
[best so far] epoch=3 val_AUPR=0.6849
val y unique: [0 1]
Epoch:5 train loss:1.3821256756782532 AUC:0.607 AUPR:0.698
[best so far] epoch=5 val_AUPR=0.6981
val y unique: [0 1]
Epoch:6 train loss:1.3912891149520874 AUC:0.548 AUPR:0.635
[best so far] epoch=5 val_AUPR=0.6981
val y unique: [0 1]
Epoch:7 train loss:1.3816728591918945 AUC:0.556 AUPR:0.683
[best so far] epoch=5 val_AUPR=0.6981
val y unique: [0 1]
Epoch:8 train loss:1.3844872117042542 AUC:0.552 AUPR:0.653
[best so far] epoch=5 val_AUPR=0.6981
val y unique: [0 1]
Epoch:9 train loss:1.3844372034072876 AUC:0.622 AUPR:0.700
[best so far] epoch=9 val_AUPR=0.6997
val y unique: [0 1]
Epoch:10 train loss:1.387582004070282 AUC:0.574 AUPR:0.657
[best so far] epoch=9 val_AUPR=0.6997
val y unique: [0 1]
Epoch:11 train loss:1.3852280378341675 AUC:0.592 AUPR:0.699
[best so far] epoch=9 val_AUPR=0.6997
val y unique: [0 1]
Epoch:12 train loss:1.3862431645393372 AUC:0.444 AUPR:0.562
[best so far] epoch=9 val_AUPR=0.6997
val y unique: [0 1]
Epoch:13 train loss:1.3862633109092712 AUC:0.438 AUPR:0.561
[best so far] epoch=9 val_AUPR=0.6997
val y unique: [0 1]
Epoch:14 train loss:1.3871989250183105 AUC:0.398 AUPR:0.540
[best so far] epoch=9 val_AUPR=0.6997
val y unique: [0 1]
Epoch:15 train loss:1.3871797919273376 AUC:0.393 AUPR:0.554
[best so far] epoch=9 val_AUPR=0.6997
val y unique: [0 1]
Epoch:16 train loss:1.3860050439834595 AUC:0.591 AUPR:0.671
[best so far] epoch=9 val_AUPR=0.6997
val y unique: [0 1]
Epoch:17 train loss:1.3862852454185486 AUC:0.414 AUPR:0.546
[best so far] epoch=9 val_AUPR=0.6997
val y unique: [0 1]
Epoch:18 train loss:1.3872628211975098 AUC:0.450 AUPR:0.574
[best so far] epoch=9 val_AUPR=0.6997
val y unique: [0 1]
Epoch:19 train loss:1.386142611503601 AUC:0.515 AUPR:0.622
[best so far] epoch=9 val_AUPR=0.6997
val y unique: [0 1]
Epoch:20 train loss:1.3860288262367249 AUC:0.535 AUPR:0.622
[best so far] epoch=9 val_AUPR=0.6997
val y unique: [0 1]
Epoch:21 train loss:1.3859055638313293 AUC:0.451 AUPR:0.577
[best so far] epoch=9 val_AUPR=0.6997
val y unique: [0 1]
Epoch:22 train loss:1.38604336977005 AUC:0.464 AUPR:0.618
[best so far] epoch=9 val_AUPR=0.6997
val y unique: [0 1]
Epoch:23 train loss:1.3861533999443054 AUC:0.619 AUPR:0.701
[best so far] epoch=23 val_AUPR=0.7013
val y unique: [0 1]
Epoch:24 train loss:1.3859317898750305 AUC:0.513 AUPR:0.621
[best so far] epoch=23 val_AUPR=0.7013
val y unique: [0 1]
Epoch:25 train loss:1.385861098766327 AUC:0.525 AUPR:0.594
[best so far] epoch=23 val_AUPR=0.7013
val y unique: [0 1]
Epoch:26 train loss:1.386330783367157 AUC:0.517 AUPR:0.651
[best so far] epoch=23 val_AUPR=0.7013
val y unique: [0 1]
Epoch:27 train loss:1.386104702949524 AUC:0.427 AUPR:0.569
[best so far] epoch=23 val_AUPR=0.7013
val y unique: [0 1]
Epoch:28 train loss:1.385683298110962 AUC:0.427 AUPR:0.558
[best so far] epoch=23 val_AUPR=0.7013
val y unique: [0 1]
Epoch:29 train loss:1.385437250137329 AUC:0.438 AUPR:0.560
[best so far] epoch=23 val_AUPR=0.7013
val y unique: [0 1]
Epoch:30 train loss:1.386737585067749 AUC:0.486 AUPR:0.595
[best so far] epoch=23 val_AUPR=0.7013
val y unique: [0 1]
Epoch:31 train loss:1.3852540850639343 AUC:0.461 AUPR:0.563
[best so far] epoch=23 val_AUPR=0.7013
val y unique: [0 1]
Epoch:32 train loss:1.3861268758773804 AUC:0.507 AUPR:0.600
[best so far] epoch=23 val_AUPR=0.7013
val y unique: [0 1]
Epoch:33 train loss:1.3858597874641418 AUC:0.479 AUPR:0.588
[best so far] epoch=23 val_AUPR=0.7013
val y unique: [0 1]
Epoch:34 train loss:1.3853991031646729 AUC:0.568 AUPR:0.649
[best so far] epoch=23 val_AUPR=0.7013
val y unique: [0 1]
Epoch:35 train loss:1.3861363530158997 AUC:0.364 AUPR:0.535
[best so far] epoch=23 val_AUPR=0.7013
val y unique: [0 1]
Epoch:36 train loss:1.3865739703178406 AUC:0.531 AUPR:0.608
[best so far] epoch=23 val_AUPR=0.7013
val y unique: [0 1]
Epoch:37 train loss:1.3866965770721436 AUC:0.505 AUPR:0.605
[best so far] epoch=23 val_AUPR=0.7013
val y unique: [0 1]
Epoch:38 train loss:1.3857924938201904 AUC:0.577 AUPR:0.662
[best so far] epoch=23 val_AUPR=0.7013
val y unique: [0 1]
Epoch:39 train loss:1.3849190473556519 AUC:0.684 AUPR:0.787
[best so far] epoch=39 val_AUPR=0.7871
val y unique: [0 1]
Epoch:40 train loss:1.3851207494735718 AUC:0.637 AUPR:0.709
[best so far] epoch=39 val_AUPR=0.7871
val y unique: [0 1]
Epoch:41 train loss:1.3859778046607971 AUC:0.600 AUPR:0.687
[best so far] epoch=39 val_AUPR=0.7871
val y unique: [0 1]
Epoch:42 train loss:1.3866971135139465 AUC:0.570 AUPR:0.665
[best so far] epoch=39 val_AUPR=0.7871
val y unique: [0 1]
Epoch:43 train loss:1.3863202333450317 AUC:0.618 AUPR:0.694
[best so far] epoch=39 val_AUPR=0.7871
val y unique: [0 1]
Epoch:44 train loss:1.3860679864883423 AUC:0.498 AUPR:0.577
[best so far] epoch=39 val_AUPR=0.7871
val y unique: [0 1]
Epoch:45 train loss:1.3851855397224426 AUC:0.541 AUPR:0.630
[best so far] epoch=39 val_AUPR=0.7871
val y unique: [0 1]
Epoch:46 train loss:1.386183500289917 AUC:0.377 AUPR:0.516
[best so far] epoch=39 val_AUPR=0.7871
val y unique: [0 1]
Epoch:47 train loss:1.3866810202598572 AUC:0.434 AUPR:0.545
[best so far] epoch=39 val_AUPR=0.7871
val y unique: [0 1]
Epoch:48 train loss:1.3858720064163208 AUC:0.444 AUPR:0.558
[best so far] epoch=39 val_AUPR=0.7871
val y unique: [0 1]
Epoch:49 train loss:1.3862882852554321 AUC:0.499 AUPR:0.587
[best so far] epoch=39 val_AUPR=0.7871
val y unique: [0 1]
Epoch:50 train loss:1.3858438730239868 AUC:0.518 AUPR:0.653
[best so far] epoch=39 val_AUPR=0.7871
val y unique: [0 1]
Epoch:51 train loss:1.3870099782943726 AUC:0.473 AUPR:0.592
[best so far] epoch=39 val_AUPR=0.7871
val y unique: [0 1]
Epoch:52 train loss:1.3860312700271606 AUC:0.464 AUPR:0.552
[best so far] epoch=39 val_AUPR=0.7871
val y unique: [0 1]
Epoch:53 train loss:1.385913908481598 AUC:0.473 AUPR:0.568
[best so far] epoch=39 val_AUPR=0.7871
val y unique: [0 1]
Epoch:54 train loss:1.3861545324325562 AUC:0.510 AUPR:0.612
[best so far] epoch=39 val_AUPR=0.7871
val y unique: [0 1]
Epoch:55 train loss:1.3866901993751526 AUC:0.510 AUPR:0.634
[best so far] epoch=39 val_AUPR=0.7871
val y unique: [0 1]
Epoch:56 train loss:1.3869566917419434 AUC:0.489 AUPR:0.626
[best so far] epoch=39 val_AUPR=0.7871
val y unique: [0 1]
Epoch:57 train loss:1.3853890299797058 AUC:0.593 AUPR:0.666
[best so far] epoch=39 val_AUPR=0.7871
val y unique: [0 1]
Epoch:58 train loss:1.386192798614502 AUC:0.633 AUPR:0.721
[best so far] epoch=39 val_AUPR=0.7871
val y unique: [0 1]
Epoch:59 train loss:1.3862369656562805 AUC:0.622 AUPR:0.688
[best so far] epoch=39 val_AUPR=0.7871
val y unique: [0 1]
Epoch:60 train loss:1.3857879638671875 AUC:0.499 AUPR:0.631
[best so far] epoch=39 val_AUPR=0.7871
val y unique: [0 1]
Epoch:61 train loss:1.3857911229133606 AUC:0.576 AUPR:0.678
[best so far] epoch=39 val_AUPR=0.7871
val y unique: [0 1]
Epoch:62 train loss:1.385334551334381 AUC:0.507 AUPR:0.618
[best so far] epoch=39 val_AUPR=0.7871
val y unique: [0 1]
Epoch:63 train loss:1.3857935070991516 AUC:0.501 AUPR:0.575
[best so far] epoch=39 val_AUPR=0.7871
val y unique: [0 1]
Epoch:64 train loss:1.3858587145805359 AUC:0.637 AUPR:0.755
[best so far] epoch=39 val_AUPR=0.7871
val y unique: [0 1]
Epoch:65 train loss:1.3859348893165588 AUC:0.584 AUPR:0.691
[best so far] epoch=39 val_AUPR=0.7871
val y unique: [0 1]
Epoch:66 train loss:1.3864462971687317 AUC:0.677 AUPR:0.779
[best so far] epoch=39 val_AUPR=0.7871
val y unique: [0 1]
Epoch:67 train loss:1.3846378922462463 AUC:0.626 AUPR:0.708
[best so far] epoch=39 val_AUPR=0.7871
val y unique: [0 1]
Epoch:68 train loss:1.3863469958305359 AUC:0.653 AUPR:0.763
[best so far] epoch=39 val_AUPR=0.7871
val y unique: [0 1]
Epoch:69 train loss:1.386297881603241 AUC:0.495 AUPR:0.588
[best so far] epoch=39 val_AUPR=0.7871
val y unique: [0 1]
Epoch:70 train loss:1.3855536580085754 AUC:0.476 AUPR:0.576
[best so far] epoch=39 val_AUPR=0.7871
val y unique: [0 1]
Epoch:71 train loss:1.3861337900161743 AUC:0.512 AUPR:0.624
[best so far] epoch=39 val_AUPR=0.7871
val y unique: [0 1]
Epoch:72 train loss:1.3861960172653198 AUC:0.575 AUPR:0.645
[best so far] epoch=39 val_AUPR=0.7871
val y unique: [0 1]
Epoch:73 train loss:1.38639634847641 AUC:0.506 AUPR:0.618
[best so far] epoch=39 val_AUPR=0.7871
val y unique: [0 1]
Epoch:74 train loss:1.3856849074363708 AUC:0.405 AUPR:0.583
[best so far] epoch=39 val_AUPR=0.7871
val y unique: [0 1]
Epoch:75 train loss:1.385895550251007 AUC:0.530 AUPR:0.644
[best so far] epoch=39 val_AUPR=0.7871
val y unique: [0 1]
Epoch:76 train loss:1.3854916095733643 AUC:0.504 AUPR:0.619
[best so far] epoch=39 val_AUPR=0.7871
val y unique: [0 1]
Epoch:77 train loss:1.385987937450409 AUC:0.609 AUPR:0.708
[best so far] epoch=39 val_AUPR=0.7871
val y unique: [0 1]
Epoch:78 train loss:1.3854859471321106 AUC:0.506 AUPR:0.629
[best so far] epoch=39 val_AUPR=0.7871
val y unique: [0 1]
Epoch:79 train loss:1.3858467936515808 AUC:0.620 AUPR:0.734
[best so far] epoch=39 val_AUPR=0.7871
val y unique: [0 1]
Epoch:80 train loss:1.3861685991287231 AUC:0.589 AUPR:0.691
[best so far] epoch=39 val_AUPR=0.7871
val y unique: [0 1]
Epoch:81 train loss:1.3854243755340576 AUC:0.441 AUPR:0.569
[best so far] epoch=39 val_AUPR=0.7871
val y unique: [0 1]
Epoch:82 train loss:1.3853347301483154 AUC:0.479 AUPR:0.610
[best so far] epoch=39 val_AUPR=0.7871
val y unique: [0 1]
Epoch:83 train loss:1.385424256324768 AUC:0.630 AUPR:0.718
[best so far] epoch=39 val_AUPR=0.7871
val y unique: [0 1]
Epoch:84 train loss:1.3852204084396362 AUC:0.497 AUPR:0.578
[best so far] epoch=39 val_AUPR=0.7871
val y unique: [0 1]
Epoch:85 train loss:1.3853759169578552 AUC:0.497 AUPR:0.596
[best so far] epoch=39 val_AUPR=0.7871
val y unique: [0 1]
Epoch:86 train loss:1.3847535848617554 AUC:0.665 AUPR:0.738
[best so far] epoch=39 val_AUPR=0.7871
val y unique: [0 1]
Epoch:87 train loss:1.38438218832016 AUC:0.607 AUPR:0.706
[best so far] epoch=39 val_AUPR=0.7871
val y unique: [0 1]
Epoch:88 train loss:1.3845545053482056 AUC:0.448 AUPR:0.561
[best so far] epoch=39 val_AUPR=0.7871
val y unique: [0 1]
Epoch:89 train loss:1.3847388625144958 AUC:0.533 AUPR:0.611
[best so far] epoch=39 val_AUPR=0.7871
val y unique: [0 1]
Epoch:90 train loss:1.3854169249534607 AUC:0.458 AUPR:0.580
[best so far] epoch=39 val_AUPR=0.7871
Loaded best epoch=39 with val_AUPR=0.7871
test y unique: [0 1]
FINAL_RESULT seed=1 val_AUPR=0.787053 test_AUC=0.397569 test_AUPRC=0.448205
Running NO PRIOR seed 2
train row: [1496  639    0] int64 int64
train pos rate: 0.48562300319488816
val pos rate: 0.5970149253731343
test pos rate: 0.47058823529411764
Adjacency source: train positives only
Train positive edges used in adjacency: 152
val y unique: [0 1]
Epoch:1 train loss:1.392901360988617 AUC:0.497 AUPR:0.630
[best so far] epoch=1 val_AUPR=0.6301
val y unique: [0 1]
Epoch:2 train loss:1.3863003849983215 AUC:0.468 AUPR:0.606
[best so far] epoch=1 val_AUPR=0.6301
val y unique: [0 1]
Epoch:3 train loss:1.3859824538230896 AUC:0.425 AUPR:0.541
[best so far] epoch=1 val_AUPR=0.6301
val y unique: [0 1]
Epoch:4 train loss:1.386265516281128 AUC:0.480 AUPR:0.575
[best so far] epoch=1 val_AUPR=0.6301
val y unique: [0 1]
Epoch:5 train loss:1.3862910270690918 AUC:0.695 AUPR:0.761
[best so far] epoch=5 val_AUPR=0.7615
val y unique: [0 1]
Epoch:6 train loss:1.3861445188522339 AUC:0.619 AUPR:0.712
[best so far] epoch=5 val_AUPR=0.7615
val y unique: [0 1]
Epoch:7 train loss:1.385777771472931 AUC:0.550 AUPR:0.612
[best so far] epoch=5 val_AUPR=0.7615
val y unique: [0 1]
Epoch:8 train loss:1.3858311176300049 AUC:0.547 AUPR:0.631
[best so far] epoch=5 val_AUPR=0.7615
val y unique: [0 1]
Epoch:9 train loss:1.3860119581222534 AUC:0.537 AUPR:0.639
[best so far] epoch=5 val_AUPR=0.7615
val y unique: [0 1]
Epoch:10 train loss:1.3858293890953064 AUC:0.560 AUPR:0.633
[best so far] epoch=5 val_AUPR=0.7615
val y unique: [0 1]
Epoch:11 train loss:1.387891173362732 AUC:0.580 AUPR:0.691
[best so far] epoch=5 val_AUPR=0.7615
val y unique: [0 1]
Epoch:12 train loss:1.386617660522461 AUC:0.616 AUPR:0.662
[best so far] epoch=5 val_AUPR=0.7615
val y unique: [0 1]
Epoch:13 train loss:1.3859872817993164 AUC:0.619 AUPR:0.654
[best so far] epoch=5 val_AUPR=0.7615
val y unique: [0 1]
Epoch:14 train loss:1.385465681552887 AUC:0.546 AUPR:0.614
[best so far] epoch=5 val_AUPR=0.7615
val y unique: [0 1]
Epoch:15 train loss:1.3857677578926086 AUC:0.638 AUPR:0.757
[best so far] epoch=5 val_AUPR=0.7615
val y unique: [0 1]
Epoch:16 train loss:1.3867254853248596 AUC:0.628 AUPR:0.683
[best so far] epoch=5 val_AUPR=0.7615
val y unique: [0 1]
Epoch:17 train loss:1.3860567212104797 AUC:0.485 AUPR:0.595
[best so far] epoch=5 val_AUPR=0.7615
val y unique: [0 1]
Epoch:18 train loss:1.3861387372016907 AUC:0.639 AUPR:0.688
[best so far] epoch=5 val_AUPR=0.7615
val y unique: [0 1]
Epoch:19 train loss:1.3857046365737915 AUC:0.654 AUPR:0.733
[best so far] epoch=5 val_AUPR=0.7615
val y unique: [0 1]
Epoch:20 train loss:1.387004017829895 AUC:0.669 AUPR:0.757
[best so far] epoch=5 val_AUPR=0.7615
val y unique: [0 1]
Epoch:21 train loss:1.3857170939445496 AUC:0.655 AUPR:0.753
[best so far] epoch=5 val_AUPR=0.7615
val y unique: [0 1]
Epoch:22 train loss:1.38566654920578 AUC:0.568 AUPR:0.645
[best so far] epoch=5 val_AUPR=0.7615
val y unique: [0 1]
Epoch:23 train loss:1.3851304650306702 AUC:0.499 AUPR:0.585
[best so far] epoch=5 val_AUPR=0.7615
val y unique: [0 1]
Epoch:24 train loss:1.3857974410057068 AUC:0.634 AUPR:0.712
[best so far] epoch=5 val_AUPR=0.7615
val y unique: [0 1]
Epoch:25 train loss:1.3866073489189148 AUC:0.672 AUPR:0.727
[best so far] epoch=5 val_AUPR=0.7615
val y unique: [0 1]
Epoch:26 train loss:1.3873019814491272 AUC:0.643 AUPR:0.727
[best so far] epoch=5 val_AUPR=0.7615
val y unique: [0 1]
Epoch:27 train loss:1.386595368385315 AUC:0.458 AUPR:0.602
[best so far] epoch=5 val_AUPR=0.7615
val y unique: [0 1]
Epoch:28 train loss:1.3856938481330872 AUC:0.616 AUPR:0.707
[best so far] epoch=5 val_AUPR=0.7615
val y unique: [0 1]
Epoch:29 train loss:1.385819673538208 AUC:0.617 AUPR:0.707
[best so far] epoch=5 val_AUPR=0.7615
val y unique: [0 1]
Epoch:30 train loss:1.3857365846633911 AUC:0.633 AUPR:0.702
[best so far] epoch=5 val_AUPR=0.7615
val y unique: [0 1]
Epoch:31 train loss:1.3869209289550781 AUC:0.461 AUPR:0.607
[best so far] epoch=5 val_AUPR=0.7615
val y unique: [0 1]
Epoch:32 train loss:1.3864054679870605 AUC:0.545 AUPR:0.633
[best so far] epoch=5 val_AUPR=0.7615
val y unique: [0 1]
Epoch:33 train loss:1.386518120765686 AUC:0.579 AUPR:0.682
[best so far] epoch=5 val_AUPR=0.7615
val y unique: [0 1]
Epoch:34 train loss:1.3853667974472046 AUC:0.418 AUPR:0.540
[best so far] epoch=5 val_AUPR=0.7615
val y unique: [0 1]
Epoch:35 train loss:1.3855565786361694 AUC:0.576 AUPR:0.663
[best so far] epoch=5 val_AUPR=0.7615
val y unique: [0 1]
Epoch:36 train loss:1.3851585388183594 AUC:0.688 AUPR:0.811
[best so far] epoch=36 val_AUPR=0.8109
val y unique: [0 1]
Epoch:37 train loss:1.3857635855674744 AUC:0.625 AUPR:0.723
[best so far] epoch=36 val_AUPR=0.8109
val y unique: [0 1]
Epoch:38 train loss:1.3850927948951721 AUC:0.614 AUPR:0.709
[best so far] epoch=36 val_AUPR=0.8109
val y unique: [0 1]
Epoch:39 train loss:1.3849334120750427 AUC:0.681 AUPR:0.793
[best so far] epoch=36 val_AUPR=0.8109
val y unique: [0 1]
Epoch:40 train loss:1.3856085538864136 AUC:0.702 AUPR:0.795
[best so far] epoch=36 val_AUPR=0.8109
val y unique: [0 1]
Epoch:41 train loss:1.3858866691589355 AUC:0.600 AUPR:0.656
[best so far] epoch=36 val_AUPR=0.8109
val y unique: [0 1]
Epoch:42 train loss:1.3844621777534485 AUC:0.622 AUPR:0.694
[best so far] epoch=36 val_AUPR=0.8109
val y unique: [0 1]
Epoch:43 train loss:1.3841795325279236 AUC:0.597 AUPR:0.693
[best so far] epoch=36 val_AUPR=0.8109
val y unique: [0 1]
Epoch:44 train loss:1.383429229259491 AUC:0.678 AUPR:0.789
[best so far] epoch=36 val_AUPR=0.8109
val y unique: [0 1]
Epoch:45 train loss:1.3806062936782837 AUC:0.586 AUPR:0.691
[best so far] epoch=36 val_AUPR=0.8109
val y unique: [0 1]
Epoch:46 train loss:1.3835504055023193 AUC:0.569 AUPR:0.667
[best so far] epoch=36 val_AUPR=0.8109
val y unique: [0 1]
Epoch:47 train loss:1.3840196132659912 AUC:0.598 AUPR:0.728
[best so far] epoch=36 val_AUPR=0.8109
val y unique: [0 1]
Epoch:48 train loss:1.3851578831672668 AUC:0.669 AUPR:0.794
[best so far] epoch=36 val_AUPR=0.8109
val y unique: [0 1]
Epoch:49 train loss:1.3822324872016907 AUC:0.643 AUPR:0.794
[best so far] epoch=36 val_AUPR=0.8109
val y unique: [0 1]
Epoch:50 train loss:1.390048623085022 AUC:0.617 AUPR:0.722
[best so far] epoch=36 val_AUPR=0.8109
val y unique: [0 1]
Epoch:51 train loss:1.3894034624099731 AUC:0.599 AUPR:0.677
[best so far] epoch=36 val_AUPR=0.8109
val y unique: [0 1]
Epoch:52 train loss:1.3856173753738403 AUC:0.570 AUPR:0.716
[best so far] epoch=36 val_AUPR=0.8109
val y unique: [0 1]
Epoch:53 train loss:1.3847733736038208 AUC:0.639 AUPR:0.763
[best so far] epoch=36 val_AUPR=0.8109
val y unique: [0 1]
Epoch:54 train loss:1.3824377059936523 AUC:0.551 AUPR:0.664
[best so far] epoch=36 val_AUPR=0.8109
val y unique: [0 1]
Epoch:55 train loss:1.3837424516677856 AUC:0.633 AUPR:0.767
[best so far] epoch=36 val_AUPR=0.8109
val y unique: [0 1]
Epoch:56 train loss:1.3824257850646973 AUC:0.623 AUPR:0.750
[best so far] epoch=36 val_AUPR=0.8109
val y unique: [0 1]
Epoch:57 train loss:1.381507158279419 AUC:0.626 AUPR:0.766
[best so far] epoch=36 val_AUPR=0.8109
val y unique: [0 1]
Epoch:58 train loss:1.3815934658050537 AUC:0.586 AUPR:0.716
[best so far] epoch=36 val_AUPR=0.8109
val y unique: [0 1]
Epoch:59 train loss:1.37954980134964 AUC:0.539 AUPR:0.647
[best so far] epoch=36 val_AUPR=0.8109
val y unique: [0 1]
Epoch:60 train loss:1.384423315525055 AUC:0.576 AUPR:0.680
[best so far] epoch=36 val_AUPR=0.8109
val y unique: [0 1]
Epoch:61 train loss:1.3855405449867249 AUC:0.574 AUPR:0.677
[best so far] epoch=36 val_AUPR=0.8109
val y unique: [0 1]
Epoch:62 train loss:1.381700038909912 AUC:0.577 AUPR:0.674
[best so far] epoch=36 val_AUPR=0.8109
val y unique: [0 1]
Epoch:63 train loss:1.3792325854301453 AUC:0.616 AUPR:0.750
[best so far] epoch=36 val_AUPR=0.8109
val y unique: [0 1]
Epoch:64 train loss:1.3731451034545898 AUC:0.623 AUPR:0.756
[best so far] epoch=36 val_AUPR=0.8109
val y unique: [0 1]
Epoch:65 train loss:1.381965696811676 AUC:0.625 AUPR:0.761
[best so far] epoch=36 val_AUPR=0.8109
val y unique: [0 1]
Epoch:66 train loss:1.378256916999817 AUC:0.590 AUPR:0.725
[best so far] epoch=36 val_AUPR=0.8109
val y unique: [0 1]
Epoch:67 train loss:1.3783204555511475 AUC:0.575 AUPR:0.732
[best so far] epoch=36 val_AUPR=0.8109
val y unique: [0 1]
Epoch:68 train loss:1.3776102662086487 AUC:0.632 AUPR:0.771
[best so far] epoch=36 val_AUPR=0.8109
val y unique: [0 1]
Epoch:69 train loss:1.3801109194755554 AUC:0.584 AUPR:0.746
[best so far] epoch=36 val_AUPR=0.8109
val y unique: [0 1]
Epoch:70 train loss:1.375980257987976 AUC:0.628 AUPR:0.758
[best so far] epoch=36 val_AUPR=0.8109
val y unique: [0 1]
Epoch:71 train loss:1.373037576675415 AUC:0.637 AUPR:0.735
[best so far] epoch=36 val_AUPR=0.8109
val y unique: [0 1]
Epoch:72 train loss:1.38129061460495 AUC:0.608 AUPR:0.709
[best so far] epoch=36 val_AUPR=0.8109
val y unique: [0 1]
Epoch:73 train loss:1.3734990358352661 AUC:0.606 AUPR:0.724
[best so far] epoch=36 val_AUPR=0.8109
val y unique: [0 1]
Epoch:74 train loss:1.3720956444740295 AUC:0.591 AUPR:0.712
[best so far] epoch=36 val_AUPR=0.8109
val y unique: [0 1]
Epoch:75 train loss:1.3923773169517517 AUC:0.592 AUPR:0.693
[best so far] epoch=36 val_AUPR=0.8109
val y unique: [0 1]
Epoch:76 train loss:1.3560638427734375 AUC:0.630 AUPR:0.728
[best so far] epoch=36 val_AUPR=0.8109
val y unique: [0 1]
Epoch:77 train loss:1.3797752857208252 AUC:0.597 AUPR:0.720
[best so far] epoch=36 val_AUPR=0.8109
val y unique: [0 1]
Epoch:78 train loss:1.3652352690696716 AUC:0.615 AUPR:0.716
[best so far] epoch=36 val_AUPR=0.8109
val y unique: [0 1]
Epoch:79 train loss:1.3761617541313171 AUC:0.618 AUPR:0.715
[best so far] epoch=36 val_AUPR=0.8109
val y unique: [0 1]
Epoch:80 train loss:1.3626481294631958 AUC:0.614 AUPR:0.719
[best so far] epoch=36 val_AUPR=0.8109
val y unique: [0 1]
Epoch:81 train loss:1.3557382225990295 AUC:0.617 AUPR:0.700
[best so far] epoch=36 val_AUPR=0.8109
val y unique: [0 1]
Epoch:82 train loss:1.3809552788734436 AUC:0.632 AUPR:0.728
[best so far] epoch=36 val_AUPR=0.8109
val y unique: [0 1]
Epoch:83 train loss:1.3670582175254822 AUC:0.591 AUPR:0.695
[best so far] epoch=36 val_AUPR=0.8109
val y unique: [0 1]
Epoch:84 train loss:1.355405032634735 AUC:0.618 AUPR:0.723
[best so far] epoch=36 val_AUPR=0.8109
val y unique: [0 1]
Epoch:85 train loss:1.3534952402114868 AUC:0.628 AUPR:0.729
[best so far] epoch=36 val_AUPR=0.8109
val y unique: [0 1]
Epoch:86 train loss:1.3728014826774597 AUC:0.640 AUPR:0.718
[best so far] epoch=36 val_AUPR=0.8109
val y unique: [0 1]
Epoch:87 train loss:1.3703230619430542 AUC:0.678 AUPR:0.759
[best so far] epoch=36 val_AUPR=0.8109
val y unique: [0 1]
Epoch:88 train loss:1.353678822517395 AUC:0.631 AUPR:0.733
[best so far] epoch=36 val_AUPR=0.8109
val y unique: [0 1]
Epoch:89 train loss:1.3605740666389465 AUC:0.647 AUPR:0.740
[best so far] epoch=36 val_AUPR=0.8109
val y unique: [0 1]
Epoch:90 train loss:1.3660553097724915 AUC:0.638 AUPR:0.729
[best so far] epoch=36 val_AUPR=0.8109
Loaded best epoch=36 with val_AUPR=0.8109
test y unique: [0 1]
FINAL_RESULT seed=2 val_AUPR=0.810924 test_AUC=0.703125 test_AUPRC=0.686437
Running NO PRIOR seed 4
train row: [1496  639    0] int64 int64
train pos rate: 0.48562300319488816
val pos rate: 0.5970149253731343
test pos rate: 0.47058823529411764
Adjacency source: train positives only
Train positive edges used in adjacency: 152
val y unique: [0 1]
Epoch:1 train loss:1.3932978510856628 AUC:0.467 AUPR:0.576
[best so far] epoch=1 val_AUPR=0.5759
val y unique: [0 1]
Epoch:2 train loss:1.3870785236358643 AUC:0.497 AUPR:0.628
[best so far] epoch=2 val_AUPR=0.6281
val y unique: [0 1]
Epoch:3 train loss:1.3998669385910034 AUC:0.331 AUPR:0.534
[best so far] epoch=2 val_AUPR=0.6281
val y unique: [0 1]
Epoch:4 train loss:1.3865206837654114 AUC:0.400 AUPR:0.534
[best so far] epoch=2 val_AUPR=0.6281
val y unique: [0 1]
Epoch:5 train loss:1.3867143392562866 AUC:0.440 AUPR:0.552
[best so far] epoch=2 val_AUPR=0.6281
val y unique: [0 1]
Epoch:6 train loss:1.3860577940940857 AUC:0.525 AUPR:0.602
[best so far] epoch=2 val_AUPR=0.6281
val y unique: [0 1]
Epoch:7 train loss:1.3859813213348389 AUC:0.513 AUPR:0.664
[best so far] epoch=7 val_AUPR=0.6641
val y unique: [0 1]
Epoch:8 train loss:1.3862548470497131 AUC:0.559 AUPR:0.662
[best so far] epoch=7 val_AUPR=0.6641
val y unique: [0 1]
Epoch:9 train loss:1.3859832882881165 AUC:0.572 AUPR:0.667
[best so far] epoch=9 val_AUPR=0.6666
val y unique: [0 1]
Epoch:10 train loss:1.3862177729606628 AUC:0.540 AUPR:0.660
[best so far] epoch=9 val_AUPR=0.6666
val y unique: [0 1]
Epoch:11 train loss:1.386590838432312 AUC:0.467 AUPR:0.579
[best so far] epoch=9 val_AUPR=0.6666
val y unique: [0 1]
Epoch:12 train loss:1.3869181871414185 AUC:0.443 AUPR:0.565
[best so far] epoch=9 val_AUPR=0.6666
val y unique: [0 1]
Epoch:13 train loss:1.3858768939971924 AUC:0.499 AUPR:0.589
[best so far] epoch=9 val_AUPR=0.6666
val y unique: [0 1]
Epoch:14 train loss:1.386278510093689 AUC:0.547 AUPR:0.677
[best so far] epoch=14 val_AUPR=0.6766
val y unique: [0 1]
Epoch:15 train loss:1.3859990239143372 AUC:0.508 AUPR:0.612
[best so far] epoch=14 val_AUPR=0.6766
val y unique: [0 1]
Epoch:16 train loss:1.388041615486145 AUC:0.455 AUPR:0.563
[best so far] epoch=14 val_AUPR=0.6766
val y unique: [0 1]
Epoch:17 train loss:1.3865686655044556 AUC:0.541 AUPR:0.647
[best so far] epoch=14 val_AUPR=0.6766
val y unique: [0 1]
Epoch:18 train loss:1.3865505456924438 AUC:0.375 AUPR:0.530
[best so far] epoch=14 val_AUPR=0.6766
val y unique: [0 1]
Epoch:19 train loss:1.386342465877533 AUC:0.425 AUPR:0.566
[best so far] epoch=14 val_AUPR=0.6766
val y unique: [0 1]
Epoch:20 train loss:1.3865675330162048 AUC:0.477 AUPR:0.666
[best so far] epoch=14 val_AUPR=0.6766
val y unique: [0 1]
Epoch:21 train loss:1.3858934044837952 AUC:0.555 AUPR:0.632
[best so far] epoch=14 val_AUPR=0.6766
val y unique: [0 1]
Epoch:22 train loss:1.3863574862480164 AUC:0.494 AUPR:0.589
[best so far] epoch=14 val_AUPR=0.6766
val y unique: [0 1]
Epoch:23 train loss:1.3869441747665405 AUC:0.462 AUPR:0.565
[best so far] epoch=14 val_AUPR=0.6766
val y unique: [0 1]
Epoch:24 train loss:1.3869468569755554 AUC:0.597 AUPR:0.674
[best so far] epoch=14 val_AUPR=0.6766
val y unique: [0 1]
Epoch:25 train loss:1.3866535425186157 AUC:0.486 AUPR:0.601
[best so far] epoch=14 val_AUPR=0.6766
val y unique: [0 1]
Epoch:26 train loss:1.3860862851142883 AUC:0.560 AUPR:0.663
[best so far] epoch=14 val_AUPR=0.6766
val y unique: [0 1]
Epoch:27 train loss:1.3860325813293457 AUC:0.502 AUPR:0.615
[best so far] epoch=14 val_AUPR=0.6766
val y unique: [0 1]
Epoch:28 train loss:1.3861063718795776 AUC:0.559 AUPR:0.641
[best so far] epoch=14 val_AUPR=0.6766
val y unique: [0 1]
Epoch:29 train loss:1.386113703250885 AUC:0.447 AUPR:0.579
[best so far] epoch=14 val_AUPR=0.6766
val y unique: [0 1]
Epoch:30 train loss:1.3865453600883484 AUC:0.435 AUPR:0.610
[best so far] epoch=14 val_AUPR=0.6766
val y unique: [0 1]
Epoch:31 train loss:1.386307716369629 AUC:0.533 AUPR:0.651
[best so far] epoch=14 val_AUPR=0.6766
val y unique: [0 1]
Epoch:32 train loss:1.3864161372184753 AUC:0.479 AUPR:0.601
[best so far] epoch=14 val_AUPR=0.6766
val y unique: [0 1]
Epoch:33 train loss:1.386525571346283 AUC:0.497 AUPR:0.605
[best so far] epoch=14 val_AUPR=0.6766
val y unique: [0 1]
Epoch:34 train loss:1.3862853646278381 AUC:0.683 AUPR:0.790
[best so far] epoch=34 val_AUPR=0.7897
val y unique: [0 1]
Epoch:35 train loss:1.386578917503357 AUC:0.538 AUPR:0.622
[best so far] epoch=34 val_AUPR=0.7897
val y unique: [0 1]
Epoch:36 train loss:1.3858184218406677 AUC:0.428 AUPR:0.567
[best so far] epoch=34 val_AUPR=0.7897
val y unique: [0 1]
Epoch:37 train loss:1.3864943385124207 AUC:0.489 AUPR:0.612
[best so far] epoch=34 val_AUPR=0.7897
val y unique: [0 1]
Epoch:38 train loss:1.3867788314819336 AUC:0.401 AUPR:0.533
[best so far] epoch=34 val_AUPR=0.7897
val y unique: [0 1]
Epoch:39 train loss:1.386369228363037 AUC:0.573 AUPR:0.664
[best so far] epoch=34 val_AUPR=0.7897
val y unique: [0 1]
Epoch:40 train loss:1.3861345648765564 AUC:0.491 AUPR:0.584
[best so far] epoch=34 val_AUPR=0.7897
val y unique: [0 1]
Epoch:41 train loss:1.386151909828186 AUC:0.501 AUPR:0.589
[best so far] epoch=34 val_AUPR=0.7897
val y unique: [0 1]
Epoch:42 train loss:1.3859960436820984 AUC:0.430 AUPR:0.582
[best so far] epoch=34 val_AUPR=0.7897
val y unique: [0 1]
Epoch:43 train loss:1.3866626620292664 AUC:0.490 AUPR:0.619
[best so far] epoch=34 val_AUPR=0.7897
val y unique: [0 1]
Epoch:44 train loss:1.3863062262535095 AUC:0.439 AUPR:0.605
[best so far] epoch=34 val_AUPR=0.7897
val y unique: [0 1]
Epoch:45 train loss:1.3860458135604858 AUC:0.499 AUPR:0.645
[best so far] epoch=34 val_AUPR=0.7897
val y unique: [0 1]
Epoch:46 train loss:1.3859570026397705 AUC:0.378 AUPR:0.555
[best so far] epoch=34 val_AUPR=0.7897
val y unique: [0 1]
Epoch:47 train loss:1.3861576914787292 AUC:0.464 AUPR:0.572
[best so far] epoch=34 val_AUPR=0.7897
val y unique: [0 1]
Epoch:48 train loss:1.3862217664718628 AUC:0.521 AUPR:0.617
[best so far] epoch=34 val_AUPR=0.7897
val y unique: [0 1]
Epoch:49 train loss:1.386095404624939 AUC:0.498 AUPR:0.579
[best so far] epoch=34 val_AUPR=0.7897
val y unique: [0 1]
Epoch:50 train loss:1.3859925270080566 AUC:0.555 AUPR:0.662
[best so far] epoch=34 val_AUPR=0.7897
val y unique: [0 1]
Epoch:51 train loss:1.3860902786254883 AUC:0.531 AUPR:0.639
[best so far] epoch=34 val_AUPR=0.7897
val y unique: [0 1]
Epoch:52 train loss:1.3867396116256714 AUC:0.571 AUPR:0.666
[best so far] epoch=34 val_AUPR=0.7897
val y unique: [0 1]
Epoch:53 train loss:1.3860107064247131 AUC:0.550 AUPR:0.639
[best so far] epoch=34 val_AUPR=0.7897
val y unique: [0 1]
Epoch:54 train loss:1.3863232135772705 AUC:0.470 AUPR:0.577
[best so far] epoch=34 val_AUPR=0.7897
val y unique: [0 1]
Epoch:55 train loss:1.3860172033309937 AUC:0.512 AUPR:0.644
[best so far] epoch=34 val_AUPR=0.7897
val y unique: [0 1]
Epoch:56 train loss:1.3858869075775146 AUC:0.534 AUPR:0.636
[best so far] epoch=34 val_AUPR=0.7897
val y unique: [0 1]
Epoch:57 train loss:1.3861876130104065 AUC:0.477 AUPR:0.639
[best so far] epoch=34 val_AUPR=0.7897
val y unique: [0 1]
Epoch:58 train loss:1.3868167996406555 AUC:0.480 AUPR:0.627
[best so far] epoch=34 val_AUPR=0.7897
val y unique: [0 1]
Epoch:59 train loss:1.3862062692642212 AUC:0.385 AUPR:0.567
[best so far] epoch=34 val_AUPR=0.7897
val y unique: [0 1]
Epoch:60 train loss:1.3861092329025269 AUC:0.486 AUPR:0.605
[best so far] epoch=34 val_AUPR=0.7897
val y unique: [0 1]
Epoch:61 train loss:1.386156678199768 AUC:0.513 AUPR:0.643
[best so far] epoch=34 val_AUPR=0.7897
val y unique: [0 1]
Epoch:62 train loss:1.3859767317771912 AUC:0.499 AUPR:0.628
[best so far] epoch=34 val_AUPR=0.7897
val y unique: [0 1]
Epoch:63 train loss:1.3858991265296936 AUC:0.427 AUPR:0.556
[best so far] epoch=34 val_AUPR=0.7897
val y unique: [0 1]
Epoch:64 train loss:1.3853455781936646 AUC:0.571 AUPR:0.664
[best so far] epoch=34 val_AUPR=0.7897
val y unique: [0 1]
Epoch:65 train loss:1.385970652103424 AUC:0.429 AUPR:0.587
[best so far] epoch=34 val_AUPR=0.7897
val y unique: [0 1]
Epoch:66 train loss:1.3862947821617126 AUC:0.454 AUPR:0.587
[best so far] epoch=34 val_AUPR=0.7897
val y unique: [0 1]
Epoch:67 train loss:1.3858520984649658 AUC:0.481 AUPR:0.602
[best so far] epoch=34 val_AUPR=0.7897
val y unique: [0 1]
Epoch:68 train loss:1.3857033252716064 AUC:0.498 AUPR:0.615
[best so far] epoch=34 val_AUPR=0.7897
val y unique: [0 1]
Epoch:69 train loss:1.386439323425293 AUC:0.547 AUPR:0.671
[best so far] epoch=34 val_AUPR=0.7897
val y unique: [0 1]
Epoch:70 train loss:1.3861475586891174 AUC:0.496 AUPR:0.592
[best so far] epoch=34 val_AUPR=0.7897
val y unique: [0 1]
Epoch:71 train loss:1.3864059448242188 AUC:0.533 AUPR:0.640
[best so far] epoch=34 val_AUPR=0.7897
val y unique: [0 1]
Epoch:72 train loss:1.3857816457748413 AUC:0.503 AUPR:0.630
[best so far] epoch=34 val_AUPR=0.7897
val y unique: [0 1]
Epoch:73 train loss:1.3858961462974548 AUC:0.456 AUPR:0.572
[best so far] epoch=34 val_AUPR=0.7897
val y unique: [0 1]
Epoch:74 train loss:1.3859537243843079 AUC:0.406 AUPR:0.557
[best so far] epoch=34 val_AUPR=0.7897
val y unique: [0 1]
Epoch:75 train loss:1.386240541934967 AUC:0.632 AUPR:0.763
[best so far] epoch=34 val_AUPR=0.7897
val y unique: [0 1]
Epoch:76 train loss:1.3864573240280151 AUC:0.507 AUPR:0.626
[best so far] epoch=34 val_AUPR=0.7897
val y unique: [0 1]
Epoch:77 train loss:1.3863246440887451 AUC:0.499 AUPR:0.630
[best so far] epoch=34 val_AUPR=0.7897
val y unique: [0 1]
Epoch:78 train loss:1.385910153388977 AUC:0.516 AUPR:0.599
[best so far] epoch=34 val_AUPR=0.7897
val y unique: [0 1]
Epoch:79 train loss:1.3862407207489014 AUC:0.547 AUPR:0.628
[best so far] epoch=34 val_AUPR=0.7897
val y unique: [0 1]
Epoch:80 train loss:1.3861320614814758 AUC:0.401 AUPR:0.558
[best so far] epoch=34 val_AUPR=0.7897
val y unique: [0 1]
Epoch:81 train loss:1.3865453004837036 AUC:0.482 AUPR:0.624
[best so far] epoch=34 val_AUPR=0.7897
val y unique: [0 1]
Epoch:82 train loss:1.3859140276908875 AUC:0.483 AUPR:0.631
[best so far] epoch=34 val_AUPR=0.7897
val y unique: [0 1]
Epoch:83 train loss:1.3863500952720642 AUC:0.391 AUPR:0.539
[best so far] epoch=34 val_AUPR=0.7897
val y unique: [0 1]
Epoch:84 train loss:1.386153757572174 AUC:0.501 AUPR:0.631
[best so far] epoch=34 val_AUPR=0.7897
val y unique: [0 1]
Epoch:85 train loss:1.3863532543182373 AUC:0.559 AUPR:0.693
[best so far] epoch=34 val_AUPR=0.7897
val y unique: [0 1]
Epoch:86 train loss:1.386060655117035 AUC:0.439 AUPR:0.585
[best so far] epoch=34 val_AUPR=0.7897
val y unique: [0 1]
Epoch:87 train loss:1.3859987258911133 AUC:0.483 AUPR:0.602
[best so far] epoch=34 val_AUPR=0.7897
val y unique: [0 1]
Epoch:88 train loss:1.3861898183822632 AUC:0.454 AUPR:0.571
[best so far] epoch=34 val_AUPR=0.7897
val y unique: [0 1]
Epoch:89 train loss:1.3865894079208374 AUC:0.422 AUPR:0.566
[best so far] epoch=34 val_AUPR=0.7897
val y unique: [0 1]
Epoch:90 train loss:1.3854378461837769 AUC:0.459 AUPR:0.586
[best so far] epoch=34 val_AUPR=0.7897
Loaded best epoch=34 with val_AUPR=0.7897
test y unique: [0 1]
FINAL_RESULT seed=4 val_AUPR=0.789662 test_AUC=0.320312 test_AUPRC=0.386378
Running NO PRIOR seed 8
train row: [1496  639    0] int64 int64
train pos rate: 0.48562300319488816
val pos rate: 0.5970149253731343
test pos rate: 0.47058823529411764
Adjacency source: train positives only
Train positive edges used in adjacency: 152
val y unique: [0 1]
Epoch:1 train loss:1.3946768641471863 AUC:0.500 AUPR:0.641
[best so far] epoch=1 val_AUPR=0.6413
val y unique: [0 1]
Epoch:2 train loss:1.3855499029159546 AUC:0.541 AUPR:0.621
[best so far] epoch=1 val_AUPR=0.6413
val y unique: [0 1]
Epoch:3 train loss:1.3857673406600952 AUC:0.613 AUPR:0.724
[best so far] epoch=3 val_AUPR=0.7236
val y unique: [0 1]
Epoch:4 train loss:1.3867995142936707 AUC:0.380 AUPR:0.562
[best so far] epoch=3 val_AUPR=0.7236
val y unique: [0 1]
Epoch:5 train loss:1.3874374032020569 AUC:0.565 AUPR:0.676
[best so far] epoch=3 val_AUPR=0.7236
val y unique: [0 1]
Epoch:6 train loss:1.3827478289604187 AUC:0.652 AUPR:0.738
[best so far] epoch=6 val_AUPR=0.7383
val y unique: [0 1]
Epoch:7 train loss:1.386475920677185 AUC:0.549 AUPR:0.643
[best so far] epoch=6 val_AUPR=0.7383
val y unique: [0 1]
Epoch:8 train loss:1.3865066766738892 AUC:0.557 AUPR:0.645
[best so far] epoch=6 val_AUPR=0.7383
val y unique: [0 1]
Epoch:9 train loss:1.3858296871185303 AUC:0.557 AUPR:0.661
[best so far] epoch=6 val_AUPR=0.7383
val y unique: [0 1]
Epoch:10 train loss:1.3852162957191467 AUC:0.441 AUPR:0.567
[best so far] epoch=6 val_AUPR=0.7383
val y unique: [0 1]
Epoch:11 train loss:1.3882675766944885 AUC:0.512 AUPR:0.601
[best so far] epoch=6 val_AUPR=0.7383
val y unique: [0 1]
Epoch:12 train loss:1.3874131441116333 AUC:0.486 AUPR:0.616
[best so far] epoch=6 val_AUPR=0.7383
val y unique: [0 1]
Epoch:13 train loss:1.3849140405654907 AUC:0.416 AUPR:0.582
[best so far] epoch=6 val_AUPR=0.7383
val y unique: [0 1]
Epoch:14 train loss:1.3849413394927979 AUC:0.457 AUPR:0.557
[best so far] epoch=6 val_AUPR=0.7383
val y unique: [0 1]
Epoch:15 train loss:1.3846946954727173 AUC:0.535 AUPR:0.618
[best so far] epoch=6 val_AUPR=0.7383
val y unique: [0 1]
Epoch:16 train loss:1.3865892887115479 AUC:0.519 AUPR:0.622
[best so far] epoch=6 val_AUPR=0.7383
val y unique: [0 1]
Epoch:17 train loss:1.3832550048828125 AUC:0.546 AUPR:0.663
[best so far] epoch=6 val_AUPR=0.7383
val y unique: [0 1]
Epoch:18 train loss:1.3870287537574768 AUC:0.566 AUPR:0.700
[best so far] epoch=6 val_AUPR=0.7383
val y unique: [0 1]
Epoch:19 train loss:1.3811039328575134 AUC:0.387 AUPR:0.559
[best so far] epoch=6 val_AUPR=0.7383
val y unique: [0 1]
Epoch:20 train loss:1.3877151608467102 AUC:0.560 AUPR:0.672
[best so far] epoch=6 val_AUPR=0.7383
val y unique: [0 1]
Epoch:21 train loss:1.3850241899490356 AUC:0.501 AUPR:0.619
[best so far] epoch=6 val_AUPR=0.7383
val y unique: [0 1]
Epoch:22 train loss:1.3811684250831604 AUC:0.537 AUPR:0.641
[best so far] epoch=6 val_AUPR=0.7383
val y unique: [0 1]
Epoch:23 train loss:1.3812981843948364 AUC:0.608 AUPR:0.725
[best so far] epoch=6 val_AUPR=0.7383
val y unique: [0 1]
Epoch:24 train loss:1.385879099369049 AUC:0.419 AUPR:0.576
[best so far] epoch=6 val_AUPR=0.7383
val y unique: [0 1]
Epoch:25 train loss:1.3851498365402222 AUC:0.545 AUPR:0.632
[best so far] epoch=6 val_AUPR=0.7383
val y unique: [0 1]
Epoch:26 train loss:1.372242510318756 AUC:0.586 AUPR:0.692
[best so far] epoch=6 val_AUPR=0.7383
val y unique: [0 1]
Epoch:27 train loss:1.3807291984558105 AUC:0.621 AUPR:0.732
[best so far] epoch=6 val_AUPR=0.7383
val y unique: [0 1]
Epoch:28 train loss:1.3815667033195496 AUC:0.606 AUPR:0.731
[best so far] epoch=6 val_AUPR=0.7383
val y unique: [0 1]
Epoch:29 train loss:1.3836681246757507 AUC:0.595 AUPR:0.735
[best so far] epoch=6 val_AUPR=0.7383
val y unique: [0 1]
Epoch:30 train loss:1.3781858086585999 AUC:0.659 AUPR:0.770
[best so far] epoch=30 val_AUPR=0.7700
val y unique: [0 1]
Epoch:31 train loss:1.3789581656455994 AUC:0.666 AUPR:0.761
[best so far] epoch=30 val_AUPR=0.7700
val y unique: [0 1]
Epoch:32 train loss:1.3762336373329163 AUC:0.644 AUPR:0.753
[best so far] epoch=30 val_AUPR=0.7700
val y unique: [0 1]
Epoch:33 train loss:1.37359219789505 AUC:0.343 AUPR:0.543
[best so far] epoch=30 val_AUPR=0.7700
val y unique: [0 1]
Epoch:34 train loss:1.3691251277923584 AUC:0.602 AUPR:0.720
[best so far] epoch=30 val_AUPR=0.7700
val y unique: [0 1]
Epoch:35 train loss:1.386043906211853 AUC:0.605 AUPR:0.724
[best so far] epoch=30 val_AUPR=0.7700
val y unique: [0 1]
Epoch:36 train loss:1.3955705761909485 AUC:0.574 AUPR:0.642
[best so far] epoch=30 val_AUPR=0.7700
val y unique: [0 1]
Epoch:37 train loss:1.366932988166809 AUC:0.625 AUPR:0.713
[best so far] epoch=30 val_AUPR=0.7700
val y unique: [0 1]
Epoch:38 train loss:1.3627936244010925 AUC:0.536 AUPR:0.661
[best so far] epoch=30 val_AUPR=0.7700
val y unique: [0 1]
Epoch:39 train loss:1.3603919744491577 AUC:0.635 AUPR:0.715
[best so far] epoch=30 val_AUPR=0.7700
val y unique: [0 1]
Epoch:40 train loss:1.3807721138000488 AUC:0.628 AUPR:0.739
[best so far] epoch=30 val_AUPR=0.7700
val y unique: [0 1]
Epoch:41 train loss:1.3702889680862427 AUC:0.673 AUPR:0.753
[best so far] epoch=30 val_AUPR=0.7700
val y unique: [0 1]
Epoch:42 train loss:1.380072832107544 AUC:0.582 AUPR:0.719
[best so far] epoch=30 val_AUPR=0.7700
val y unique: [0 1]
Epoch:43 train loss:1.3622741103172302 AUC:0.683 AUPR:0.799
[best so far] epoch=43 val_AUPR=0.7986
val y unique: [0 1]
Epoch:44 train loss:1.3701796531677246 AUC:0.680 AUPR:0.780
[best so far] epoch=43 val_AUPR=0.7986
val y unique: [0 1]
Epoch:45 train loss:1.3734861016273499 AUC:0.667 AUPR:0.778
[best so far] epoch=43 val_AUPR=0.7986
val y unique: [0 1]
Epoch:46 train loss:1.3727893829345703 AUC:0.660 AUPR:0.787
[best so far] epoch=43 val_AUPR=0.7986
val y unique: [0 1]
Epoch:47 train loss:1.3743208646774292 AUC:0.679 AUPR:0.798
[best so far] epoch=43 val_AUPR=0.7986
val y unique: [0 1]
Epoch:48 train loss:1.3655925989151 AUC:0.631 AUPR:0.774
[best so far] epoch=43 val_AUPR=0.7986
val y unique: [0 1]
Epoch:49 train loss:1.3319278359413147 AUC:0.664 AUPR:0.768
[best so far] epoch=43 val_AUPR=0.7986
val y unique: [0 1]
Epoch:50 train loss:1.3818864822387695 AUC:0.663 AUPR:0.777
[best so far] epoch=43 val_AUPR=0.7986
val y unique: [0 1]
Epoch:51 train loss:1.367656946182251 AUC:0.646 AUPR:0.758
[best so far] epoch=43 val_AUPR=0.7986
val y unique: [0 1]
Epoch:52 train loss:1.3780304789543152 AUC:0.653 AUPR:0.763
[best so far] epoch=43 val_AUPR=0.7986
val y unique: [0 1]
Epoch:53 train loss:1.3364331722259521 AUC:0.670 AUPR:0.777
[best so far] epoch=43 val_AUPR=0.7986
val y unique: [0 1]
Epoch:54 train loss:1.3534904718399048 AUC:0.657 AUPR:0.767
[best so far] epoch=43 val_AUPR=0.7986
val y unique: [0 1]
Epoch:55 train loss:1.3409951329231262 AUC:0.715 AUPR:0.808
[best so far] epoch=55 val_AUPR=0.8080
val y unique: [0 1]
Epoch:56 train loss:1.28374844789505 AUC:0.652 AUPR:0.772
[best so far] epoch=55 val_AUPR=0.8080
val y unique: [0 1]
Epoch:57 train loss:1.2819316983222961 AUC:0.683 AUPR:0.789
[best so far] epoch=55 val_AUPR=0.8080
val y unique: [0 1]
Epoch:58 train loss:1.2850847244262695 AUC:0.642 AUPR:0.765
[best so far] epoch=55 val_AUPR=0.8080
val y unique: [0 1]
Epoch:59 train loss:1.3419631719589233 AUC:0.633 AUPR:0.754
[best so far] epoch=55 val_AUPR=0.8080
val y unique: [0 1]
Epoch:60 train loss:1.201011300086975 AUC:0.632 AUPR:0.756
[best so far] epoch=55 val_AUPR=0.8080
val y unique: [0 1]
Epoch:61 train loss:1.3089264035224915 AUC:0.598 AUPR:0.742
[best so far] epoch=55 val_AUPR=0.8080
val y unique: [0 1]
Epoch:62 train loss:1.301850438117981 AUC:0.625 AUPR:0.749
[best so far] epoch=55 val_AUPR=0.8080
val y unique: [0 1]
Epoch:63 train loss:1.3137314319610596 AUC:0.639 AUPR:0.776
[best so far] epoch=55 val_AUPR=0.8080
val y unique: [0 1]
Epoch:64 train loss:1.170543372631073 AUC:0.635 AUPR:0.756
[best so far] epoch=55 val_AUPR=0.8080
val y unique: [0 1]
Epoch:65 train loss:1.2710801362991333 AUC:0.706 AUPR:0.816
[best so far] epoch=65 val_AUPR=0.8160
val y unique: [0 1]
Epoch:66 train loss:1.3206745982170105 AUC:0.711 AUPR:0.800
[best so far] epoch=65 val_AUPR=0.8160
val y unique: [0 1]
Epoch:67 train loss:1.2938035726547241 AUC:0.719 AUPR:0.812
[best so far] epoch=65 val_AUPR=0.8160
val y unique: [0 1]
Epoch:68 train loss:1.159929633140564